.globl main
main:
li $t1, 2
li $t3, 3
li $t4, 4
add $t2, $t3, $t4
li $v0, 10
syscall
