.globl main
main:
li $t1, 3
li $t2, 4
li $t3, 2
li $t4, 70
label1:
beq $t3, $t4, label2
move $t6, $t1
move $t7, $t2
add $t5, $t6, $t7
move $a0, $t5
li $v0, 1
syscall
addi $t3, $t3, 1
j label1
label2:
li $v0, 10
syscall
