.globl main
main:
li $t1, 2
li $t5, 3
move $t6, $t1
mul $t3, $t5, $t6
li $t4, 2
add $t2, $t3, $t4
move $t7, $t2
move $a0, $t7
li $v0, 1
syscall
li $v0, 10
syscall
